[1.075s] Invoking command in '/home/altair/catchrobo2026-pc/src/catchrobo_pc': PYTHONPATH=/home/altair/catchrobo2026-pc/build/catchrobo_pc/prefix_override:/usr/lib/python3/dist-packages/colcon_core/task/python/colcon_distutils_commands:/home/altair/catchrobo2026-pc/install/catchrobo_pc/lib/python3.10/site-packages:${PYTHONPATH} /usr/bin/python3 -W ignore:setup.py install is deprecated -W ignore:easy_install command is deprecated setup.py egg_info --egg-base ../../build/catchrobo_pc build --build-base /home/altair/catchrobo2026-pc/build/catchrobo_pc/build install --record /home/altair/catchrobo2026-pc/build/catchrobo_pc/install.log --single-version-externally-managed install_data
[1.214s] /home/altair/.local/lib/python3.10/site-packages/setuptools/_distutils/dist.py:261: UserWarning: Unknown distribution option: 'tests_require'
[1.214s]   warnings.warn(msg)
[1.424s] running egg_info
[1.445s] writing ../../build/catchrobo_pc/catchrobo_pc.egg-info/PKG-INFO
[1.446s] writing dependency_links to ../../build/catchrobo_pc/catchrobo_pc.egg-info/dependency_links.txt
[1.446s] writing entry points to ../../build/catchrobo_pc/catchrobo_pc.egg-info/entry_points.txt
[1.446s] writing requirements to ../../build/catchrobo_pc/catchrobo_pc.egg-info/requires.txt
[1.446s] writing top-level names to ../../build/catchrobo_pc/catchrobo_pc.egg-info/top_level.txt
[1.487s] reading manifest file '../../build/catchrobo_pc/catchrobo_pc.egg-info/SOURCES.txt'
[1.489s] writing manifest file '../../build/catchrobo_pc/catchrobo_pc.egg-info/SOURCES.txt'
[1.489s] running build
[1.489s] running build_py
[1.489s] copying catchrobo_pc/debug_node.py -> /home/altair/catchrobo2026-pc/build/catchrobo_pc/build/lib/catchrobo_pc
[1.489s] copying catchrobo_pc/__init__.py -> /home/altair/catchrobo2026-pc/build/catchrobo_pc/build/lib/catchrobo_pc
[1.490s] running install
[1.494s] running install_lib
[1.515s] running install_data
[1.515s] copying resource/catchrobo_pc -> /home/altair/catchrobo2026-pc/install/catchrobo_pc/share/ament_index/resource_index/packages
[1.515s] copying package.xml -> /home/altair/catchrobo2026-pc/install/catchrobo_pc/share/catchrobo_pc
[1.516s] copying launch/pc.launch.py -> /home/altair/catchrobo2026-pc/install/catchrobo_pc/share/catchrobo_pc/launch
[1.516s] copying catchrobo_pc/static/css/style.css -> /home/altair/catchrobo2026-pc/install/catchrobo_pc/lib/catchrobo_pc/static/css
[1.516s] copying catchrobo_pc/static/js/app.js -> /home/altair/catchrobo2026-pc/install/catchrobo_pc/lib/catchrobo_pc/static/js
[1.516s] copying catchrobo_pc/static/index.html -> /home/altair/catchrobo2026-pc/install/catchrobo_pc/lib/catchrobo_pc/static
[1.516s] running install_egg_info
[1.538s] removing '/home/altair/catchrobo2026-pc/install/catchrobo_pc/lib/python3.10/site-packages/catchrobo_pc-0.1.0-py3.10.egg-info' (and everything under it)
[1.538s] Copying ../../build/catchrobo_pc/catchrobo_pc.egg-info to /home/altair/catchrobo2026-pc/install/catchrobo_pc/lib/python3.10/site-packages/catchrobo_pc-0.1.0-py3.10.egg-info
[1.539s] running install_scripts
[1.700s] Installing debug_node script to /home/altair/catchrobo2026-pc/install/catchrobo_pc/lib/catchrobo_pc
[1.700s] Installing web_gui_node script to /home/altair/catchrobo2026-pc/install/catchrobo_pc/lib/catchrobo_pc
[1.700s] writing list of installed files to '/home/altair/catchrobo2026-pc/build/catchrobo_pc/install.log'
[1.794s] Invoked command in '/home/altair/catchrobo2026-pc/src/catchrobo_pc' returned '0': PYTHONPATH=/home/altair/catchrobo2026-pc/build/catchrobo_pc/prefix_override:/usr/lib/python3/dist-packages/colcon_core/task/python/colcon_distutils_commands:/home/altair/catchrobo2026-pc/install/catchrobo_pc/lib/python3.10/site-packages:${PYTHONPATH} /usr/bin/python3 -W ignore:setup.py install is deprecated -W ignore:easy_install command is deprecated setup.py egg_info --egg-base ../../build/catchrobo_pc build --build-base /home/altair/catchrobo2026-pc/build/catchrobo_pc/build install --record /home/altair/catchrobo2026-pc/build/catchrobo_pc/install.log --single-version-externally-managed install_data
