[0.865s] Invoking command in '/home/altair/catchrobo2026-pc/build/catchrobo_pc': PYTHONPATH=/home/altair/catchrobo2026-pc/build/catchrobo_pc/prefix_override:/usr/lib/python3/dist-packages/colcon_core/task/python/colcon_distutils_commands:/home/altair/catchrobo2026-pc/install/catchrobo_pc/lib/python3.10/site-packages:${PYTHONPATH} /usr/bin/python3 -W ignore:setup.py install is deprecated -W ignore:easy_install command is deprecated setup.py develop --editable --build-directory /home/altair/catchrobo2026-pc/build/catchrobo_pc/build --no-deps symlink_data --force
[1.200s] running develop
[1.443s] running egg_info
[1.443s] writing catchrobo_pc.egg-info/PKG-INFO
[1.443s] writing dependency_links to catchrobo_pc.egg-info/dependency_links.txt
[1.443s] writing entry points to catchrobo_pc.egg-info/entry_points.txt
[1.443s] writing requirements to catchrobo_pc.egg-info/requires.txt
[1.444s] writing top-level names to catchrobo_pc.egg-info/top_level.txt
[1.445s] reading manifest file 'catchrobo_pc.egg-info/SOURCES.txt'
[1.446s] writing manifest file 'catchrobo_pc.egg-info/SOURCES.txt'
[1.448s] running build_ext
[1.448s] Creating /home/altair/catchrobo2026-pc/install/catchrobo_pc/lib/python3.10/site-packages/catchrobo-pc.egg-link (link to .)
[1.449s] Installing debug_node script to /home/altair/catchrobo2026-pc/install/catchrobo_pc/lib/catchrobo_pc
[1.449s] Installing web_gui_node script to /home/altair/catchrobo2026-pc/install/catchrobo_pc/lib/catchrobo_pc
[1.449s] 
[1.449s] Installed /home/altair/catchrobo2026-pc/build/catchrobo_pc
[1.449s] running symlink_data
[1.450s] symbolically linking /home/altair/catchrobo2026-pc/build/catchrobo_pc/resource/catchrobo_pc -> /home/altair/catchrobo2026-pc/install/catchrobo_pc/share/ament_index/resource_index/packages
[1.450s] symbolically linking /home/altair/catchrobo2026-pc/build/catchrobo_pc/package.xml -> /home/altair/catchrobo2026-pc/install/catchrobo_pc/share/catchrobo_pc
[1.450s] symbolically linking /home/altair/catchrobo2026-pc/build/catchrobo_pc/launch/pc.launch.py -> /home/altair/catchrobo2026-pc/install/catchrobo_pc/share/catchrobo_pc/launch
[1.450s] symbolically linking /home/altair/catchrobo2026-pc/build/catchrobo_pc/catchrobo_pc/static/css/style.css -> /home/altair/catchrobo2026-pc/install/catchrobo_pc/lib/catchrobo_pc/static/css
[1.450s] symbolically linking /home/altair/catchrobo2026-pc/build/catchrobo_pc/catchrobo_pc/static/js/app.js -> /home/altair/catchrobo2026-pc/install/catchrobo_pc/lib/catchrobo_pc/static/js
[1.450s] symbolically linking /home/altair/catchrobo2026-pc/build/catchrobo_pc/catchrobo_pc/static/index.html -> /home/altair/catchrobo2026-pc/install/catchrobo_pc/lib/catchrobo_pc/static
[1.477s] Invoked command in '/home/altair/catchrobo2026-pc/build/catchrobo_pc' returned '0': PYTHONPATH=/home/altair/catchrobo2026-pc/build/catchrobo_pc/prefix_override:/usr/lib/python3/dist-packages/colcon_core/task/python/colcon_distutils_commands:/home/altair/catchrobo2026-pc/install/catchrobo_pc/lib/python3.10/site-packages:${PYTHONPATH} /usr/bin/python3 -W ignore:setup.py install is deprecated -W ignore:easy_install command is deprecated setup.py develop --editable --build-directory /home/altair/catchrobo2026-pc/build/catchrobo_pc/build --no-deps symlink_data --force
