[0.923s] Invoking command in '/home/altair/catchrobo2026-pc/build/catchrobo_pc': PYTHONPATH=/home/altair/catchrobo2026-pc/build/catchrobo_pc/prefix_override:/usr/lib/python3/dist-packages/colcon_core/task/python/colcon_distutils_commands:/home/altair/catchrobo2026-pc/install/catchrobo_pc/lib/python3.10/site-packages:${PYTHONPATH} /usr/bin/python3 -W ignore:setup.py install is deprecated -W ignore:easy_install command is deprecated setup.py develop --editable --build-directory /home/altair/catchrobo2026-pc/build/catchrobo_pc/build --no-deps symlink_data --force
[1.251s] running develop
[1.487s] running egg_info
[1.487s] writing catchrobo_pc.egg-info/PKG-INFO
[1.487s] writing dependency_links to catchrobo_pc.egg-info/dependency_links.txt
[1.487s] writing entry points to catchrobo_pc.egg-info/entry_points.txt
[1.488s] writing requirements to catchrobo_pc.egg-info/requires.txt
[1.488s] writing top-level names to catchrobo_pc.egg-info/top_level.txt
[1.490s] reading manifest file 'catchrobo_pc.egg-info/SOURCES.txt'
[1.491s] writing manifest file 'catchrobo_pc.egg-info/SOURCES.txt'
[1.493s] running build_ext
[1.493s] Creating /home/altair/catchrobo2026-pc/install/catchrobo_pc/lib/python3.10/site-packages/catchrobo-pc.egg-link (link to .)
[1.494s] Installing debug_node script to /home/altair/catchrobo2026-pc/install/catchrobo_pc/lib/catchrobo_pc
[1.494s] Installing web_gui_node script to /home/altair/catchrobo2026-pc/install/catchrobo_pc/lib/catchrobo_pc
[1.495s] 
[1.495s] Installed /home/altair/catchrobo2026-pc/build/catchrobo_pc
[1.495s] running symlink_data
[1.495s] symbolically linking /home/altair/catchrobo2026-pc/build/catchrobo_pc/resource/catchrobo_pc -> /home/altair/catchrobo2026-pc/install/catchrobo_pc/share/ament_index/resource_index/packages
[1.495s] symbolically linking /home/altair/catchrobo2026-pc/build/catchrobo_pc/package.xml -> /home/altair/catchrobo2026-pc/install/catchrobo_pc/share/catchrobo_pc
[1.495s] symbolically linking /home/altair/catchrobo2026-pc/build/catchrobo_pc/launch/pc.launch.py -> /home/altair/catchrobo2026-pc/install/catchrobo_pc/share/catchrobo_pc/launch
[1.496s] symbolically linking /home/altair/catchrobo2026-pc/build/catchrobo_pc/catchrobo_pc/static/css/style.css -> /home/altair/catchrobo2026-pc/install/catchrobo_pc/lib/catchrobo_pc/static/css
[1.496s] symbolically linking /home/altair/catchrobo2026-pc/build/catchrobo_pc/catchrobo_pc/static/js/app.js -> /home/altair/catchrobo2026-pc/install/catchrobo_pc/lib/catchrobo_pc/static/js
[1.496s] symbolically linking /home/altair/catchrobo2026-pc/build/catchrobo_pc/catchrobo_pc/static/index.html -> /home/altair/catchrobo2026-pc/install/catchrobo_pc/lib/catchrobo_pc/static
[1.532s] Invoked command in '/home/altair/catchrobo2026-pc/build/catchrobo_pc' returned '0': PYTHONPATH=/home/altair/catchrobo2026-pc/build/catchrobo_pc/prefix_override:/usr/lib/python3/dist-packages/colcon_core/task/python/colcon_distutils_commands:/home/altair/catchrobo2026-pc/install/catchrobo_pc/lib/python3.10/site-packages:${PYTHONPATH} /usr/bin/python3 -W ignore:setup.py install is deprecated -W ignore:easy_install command is deprecated setup.py develop --editable --build-directory /home/altair/catchrobo2026-pc/build/catchrobo_pc/build --no-deps symlink_data --force
