[0.000000] (-) TimerEvent: {}
[0.000086] (catchrobo_pc) JobQueued: {'identifier': 'catchrobo_pc', 'dependencies': OrderedDict()}
[0.000108] (catchrobo_pc) JobStarted: {'identifier': 'catchrobo_pc'}
[0.099323] (-) TimerEvent: {}
[0.199534] (-) TimerEvent: {}
[0.299741] (-) TimerEvent: {}
[0.399960] (-) TimerEvent: {}
[0.500171] (-) TimerEvent: {}
[0.600415] (-) TimerEvent: {}
[0.700683] (-) TimerEvent: {}
[0.800969] (-) TimerEvent: {}
[0.901246] (-) TimerEvent: {}
[1.001508] (-) TimerEvent: {}
[1.083458] (catchrobo_pc) Command: {'cmd': ['/usr/bin/python3', '-W', 'ignore:setup.py install is deprecated', '-W', 'ignore:easy_install command is deprecated', 'setup.py', 'egg_info', '--egg-base', '../../build/catchrobo_pc', 'build', '--build-base', '/home/altair/catchrobo2026-pc/build/catchrobo_pc/build', 'install', '--record', '/home/altair/catchrobo2026-pc/build/catchrobo_pc/install.log', '--single-version-externally-managed', 'install_data'], 'cwd': '/home/altair/catchrobo2026-pc/src/catchrobo_pc', 'env': {'GJS_DEBUG_TOPICS': 'JS ERROR;JS LOG', 'LESSOPEN': '| /usr/bin/lesspipe %s', 'VSCODE_CWD': '/home/altair', 'LANGUAGE': 'ja_JP', 'USER': 'altair', 'VSCODE_NLS_CONFIG': '{"userLocale":"ja","osLocale":"ja-jp","resolvedLanguage":"ja","defaultMessagesFile":"/usr/share/antigravity/resources/app/out/nls.messages.json","languagePack":{"translationsConfigFile":"/home/altair/.config/Antigravity/clp/c079ae35ca5a109e941bb27abcf19a86.ja/tcf.json","messagesFile":"/home/altair/.config/Antigravity/clp/c079ae35ca5a109e941bb27abcf19a86.ja/15487b3041e65228cae24980a3f796c905ef582c/nls.messages.json","corruptMarkerFile":"/home/altair/.config/Antigravity/clp/c079ae35ca5a109e941bb27abcf19a86.ja/corrupted.info"},"locale":"ja","availableLanguages":{"*":"ja"},"_languagePackId":"c079ae35ca5a109e941bb27abcf19a86.ja","_languagePackSupport":true,"_translationsConfigFile":"/home/altair/.config/Antigravity/clp/c079ae35ca5a109e941bb27abcf19a86.ja/tcf.json","_cacheRoot":"/home/altair/.config/Antigravity/clp/c079ae35ca5a109e941bb27abcf19a86.ja","_resolvedLanguagePackCoreLocation":"/home/altair/.config/Antigravity/clp/c079ae35ca5a109e941bb27abcf19a86.ja/15487b3041e65228cae24980a3f796c905ef582c","_corruptedFile":"/home/altair/.config/Antigravity/clp/c079ae35ca5a109e941bb27abcf19a86.ja/corrupted.info"}', 'XDG_SESSION_TYPE': 'x11', 'SHLVL': '0', 'LD_LIBRARY_PATH': '/usr/local/lib:/opt/ros/humble/opt/rviz_ogre_vendor/lib:/opt/ros/humble/lib/x86_64-linux-gnu:/opt/ros/humble/lib', 'HOME': '/home/altair', 'CHROME_DESKTOP': 'antigravity.desktop', 'OLDPWD': '/home/altair/catchrobo2026-pc', 'DESKTOP_SESSION': 'ubuntu', 'NVM_BIN': '/home/altair/.nvm/versions/node/v14.21.3/bin', 'NVM_INC': '/home/altair/.nvm/versions/node/v14.21.3/include/node', 'VSCODE_IPC_HOOK': '/run/user/1000/vscode-7f2a30db-1.10-main.sock', 'GIO_LAUNCHED_DESKTOP_FILE': '/usr/share/applications/antigravity.desktop', 'ROS_PYTHON_VERSION': '3', 'GNOME_SHELL_SESSION_MODE': 'ubuntu', 'GTK_MODULES': 'gail:atk-bridge', 'XDG_SEAT_PATH': '/org/freedesktop/DisplayManager/Seat0', 'PAGER': 'cat', 'MANAGERPID': '952', 'SYSTEMD_EXEC_PID': '4635', 'DBUS_SESSION_BUS_ADDRESS': 'unix:path=/run/user/1000/bus', 'ANTIGRAVITY_AGENT': '1', 'GIO_LAUNCHED_DESKTOP_FILE_PID': '7156', 'NVM_DIR': '/home/altair/.nvm', 'IM_CONFIG_PHASE': '1', 'ROS_DISTRO': 'humble', 'GTK_IM_MODULE': 'ibus', 'LOGNAME': 'altair', 'JOURNAL_STREAM': '8:27940', '_': '/usr/bin/colcon', 'ROS_VERSION': '2', 'XDG_SESSION_CLASS': 'user', 'TERM': 'dumb', 'GNOME_DESKTOP_SESSION_ID': 'this-is-deprecated', 'FC_FONTATIONS': '1', 'ROS_LOCALHOST_ONLY': '0', 'ANTIGRAVITY_EDITOR_APP_ROOT': '/usr/share/antigravity/resources/app', 'PATH': '/home/altair/.local/bin:/home/altair/spresenseenv/usr/bin:/home/altair/.nvm/versions/node/v14.21.3/bin:/opt/ros/humble/bin:/home/altair/.local/bin:/usr/local/sbin:/usr/local/bin:/usr/sbin:/usr/bin:/sbin:/bin:/usr/games:/usr/local/games:/snap/bin:/snap/bin:/home/altair/command:/home/altair/.local/bin', 'SESSION_MANAGER': 'local/altair-HCAR5000-MI:@/tmp/.ICE-unix/4575,unix/altair-HCAR5000-MI:/tmp/.ICE-unix/4575', 'GDM_LANG': 'ja_JP', 'INVOCATION_ID': '99248ec361a24364b6770d81b8930b95', 'XDG_SESSION_PATH': '/org/freedesktop/DisplayManager/Session0', 'XDG_MENU_PREFIX': 'gnome-', 'XDG_RUNTIME_DIR': '/run/user/1000', 'GDK_BACKEND': 'x11', 'DISPLAY': ':0', 'LANG': 'ja_JP.UTF-8', 'XDG_CURRENT_DESKTOP': 'ubuntu:GNOME', 'XMODIFIERS': '@im=ibus', 'XDG_SESSION_DESKTOP': 'ubuntu', 'XAUTHORITY': '/home/altair/.Xauthority', 'LS_COLORS': '', 'SSH_AGENT_LAUNCHER': 'gnome-keyring', 'SSH_AUTH_SOCK': '/run/user/1000/keyring/ssh', 'ROS_DOMAIN_ID': '0', 'XDG_GREETER_DATA_DIR': '/var/lib/lightdm-data/altair', 'AMENT_PREFIX_PATH': '/opt/ros/humble', 'SHELL': '/bin/bash', 'QT_ACCESSIBILITY': '1', 'GDMSESSION': 'ubuntu', 'LESSCLOSE': '/usr/bin/lesspipe %s %s', 'GPG_AGENT_INFO': '/run/user/1000/gnupg/S.gpg-agent:0:1', 'GJS_DEBUG_OUTPUT': 'stderr', 'QT_IM_MODULE': 'ibus', 'ANTIGRAVITY_TRAJECTORY_ID': '51bf0914-c4e2-483b-a3d9-7d57cb29d589', 'PWD': '/home/altair/catchrobo2026-pc/build/catchrobo_pc', 'LC_ALL': 'ja_JP.UTF-8', 'XDG_CONFIG_DIRS': '/etc/xdg/xdg-ubuntu:/etc/xdg', 'VSCODE_CODE_CACHE_PATH': '/home/altair/.config/Antigravity/CachedData/15487b3041e65228cae24980a3f796c905ef582c', 'NVM_CD_FLAGS': '', 'XDG_DATA_DIRS': '/usr/share/ubuntu:/usr/share/gnome:/usr/local/share:/usr/share:/var/lib/snapd/desktop', 'PYTHONPATH': '/home/altair/catchrobo2026-pc/build/catchrobo_pc/prefix_override:/usr/lib/python3/dist-packages/colcon_core/task/python/colcon_distutils_commands:/home/altair/catchrobo2026-pc/install/catchrobo_pc/lib/python3.10/site-packages:/opt/ros/humble/lib/python3.10/site-packages:/opt/ros/humble/local/lib/python3.10/dist-packages', 'COLCON': '1', 'VSCODE_PID': '7156'}, 'shell': False}
[1.101615] (-) TimerEvent: {}
[1.201814] (-) TimerEvent: {}
[1.229100] (catchrobo_pc) StderrLine: {'line': b"/home/altair/.local/lib/python3.10/site-packages/setuptools/_distutils/dist.py:261: UserWarning: Unknown distribution option: 'tests_require'\n"}
[1.229392] (catchrobo_pc) StderrLine: {'line': b'  warnings.warn(msg)\n'}
[1.301959] (-) TimerEvent: {}
[1.402162] (-) TimerEvent: {}
[1.441978] (catchrobo_pc) StdoutLine: {'line': b'running egg_info\n'}
[1.462130] (catchrobo_pc) StdoutLine: {'line': b'creating ../../build/catchrobo_pc/catchrobo_pc.egg-info\n'}
[1.462494] (catchrobo_pc) StdoutLine: {'line': b'writing ../../build/catchrobo_pc/catchrobo_pc.egg-info/PKG-INFO\n'}
[1.462781] (catchrobo_pc) StdoutLine: {'line': b'writing dependency_links to ../../build/catchrobo_pc/catchrobo_pc.egg-info/dependency_links.txt\n'}
[1.463073] (catchrobo_pc) StdoutLine: {'line': b'writing entry points to ../../build/catchrobo_pc/catchrobo_pc.egg-info/entry_points.txt\n'}
[1.463518] (catchrobo_pc) StdoutLine: {'line': b'writing requirements to ../../build/catchrobo_pc/catchrobo_pc.egg-info/requires.txt\n'}
[1.463649] (catchrobo_pc) StdoutLine: {'line': b'writing top-level names to ../../build/catchrobo_pc/catchrobo_pc.egg-info/top_level.txt\n'}
[1.463769] (catchrobo_pc) StdoutLine: {'line': b"writing manifest file '../../build/catchrobo_pc/catchrobo_pc.egg-info/SOURCES.txt'\n"}
[1.502279] (-) TimerEvent: {}
[1.503722] (catchrobo_pc) StdoutLine: {'line': b"reading manifest file '../../build/catchrobo_pc/catchrobo_pc.egg-info/SOURCES.txt'\n"}
[1.504644] (catchrobo_pc) StdoutLine: {'line': b"writing manifest file '../../build/catchrobo_pc/catchrobo_pc.egg-info/SOURCES.txt'\n"}
[1.504745] (catchrobo_pc) StdoutLine: {'line': b'running build\n'}
[1.504789] (catchrobo_pc) StdoutLine: {'line': b'running build_py\n'}
[1.504935] (catchrobo_pc) StdoutLine: {'line': b'creating /home/altair/catchrobo2026-pc/build/catchrobo_pc/build/lib/catchrobo_pc\n'}
[1.505075] (catchrobo_pc) StdoutLine: {'line': b'copying catchrobo_pc/web_gui_node.py -> /home/altair/catchrobo2026-pc/build/catchrobo_pc/build/lib/catchrobo_pc\n'}
[1.505190] (catchrobo_pc) StdoutLine: {'line': b'copying catchrobo_pc/__init__.py -> /home/altair/catchrobo2026-pc/build/catchrobo_pc/build/lib/catchrobo_pc\n'}
[1.505383] (catchrobo_pc) StdoutLine: {'line': b'running install\n'}
[1.509485] (catchrobo_pc) StdoutLine: {'line': b'running install_lib\n'}
[1.529515] (catchrobo_pc) StdoutLine: {'line': b'creating /home/altair/catchrobo2026-pc/install/catchrobo_pc/lib/python3.10/site-packages/catchrobo_pc\n'}
[1.529824] (catchrobo_pc) StdoutLine: {'line': b'copying /home/altair/catchrobo2026-pc/build/catchrobo_pc/build/lib/catchrobo_pc/web_gui_node.py -> /home/altair/catchrobo2026-pc/install/catchrobo_pc/lib/python3.10/site-packages/catchrobo_pc\n'}
[1.529977] (catchrobo_pc) StdoutLine: {'line': b'copying /home/altair/catchrobo2026-pc/build/catchrobo_pc/build/lib/catchrobo_pc/__init__.py -> /home/altair/catchrobo2026-pc/install/catchrobo_pc/lib/python3.10/site-packages/catchrobo_pc\n'}
[1.530214] (catchrobo_pc) StdoutLine: {'line': b'byte-compiling /home/altair/catchrobo2026-pc/install/catchrobo_pc/lib/python3.10/site-packages/catchrobo_pc/web_gui_node.py to web_gui_node.cpython-310.pyc\n'}
[1.531405] (catchrobo_pc) StdoutLine: {'line': b'byte-compiling /home/altair/catchrobo2026-pc/install/catchrobo_pc/lib/python3.10/site-packages/catchrobo_pc/__init__.py to __init__.cpython-310.pyc\n'}
[1.531614] (catchrobo_pc) StdoutLine: {'line': b'running install_data\n'}
[1.531752] (catchrobo_pc) StdoutLine: {'line': b'creating /home/altair/catchrobo2026-pc/install/catchrobo_pc/share/ament_index/resource_index/packages\n'}
[1.531956] (catchrobo_pc) StdoutLine: {'line': b'copying resource/catchrobo_pc -> /home/altair/catchrobo2026-pc/install/catchrobo_pc/share/ament_index/resource_index/packages\n'}
[1.532212] (catchrobo_pc) StdoutLine: {'line': b'copying package.xml -> /home/altair/catchrobo2026-pc/install/catchrobo_pc/share/catchrobo_pc\n'}
[1.532312] (catchrobo_pc) StdoutLine: {'line': b'creating /home/altair/catchrobo2026-pc/install/catchrobo_pc/share/catchrobo_pc/launch\n'}
[1.532639] (catchrobo_pc) StdoutLine: {'line': b'creating /home/altair/catchrobo2026-pc/install/catchrobo_pc/lib/catchrobo_pc/static/css\n'}
[1.532718] (catchrobo_pc) StdoutLine: {'line': b'copying catchrobo_pc/static/css/style.css -> /home/altair/catchrobo2026-pc/install/catchrobo_pc/lib/catchrobo_pc/static/css\n'}
[1.532874] (catchrobo_pc) StdoutLine: {'line': b'creating /home/altair/catchrobo2026-pc/install/catchrobo_pc/lib/catchrobo_pc/static/js\n'}
[1.532925] (catchrobo_pc) StdoutLine: {'line': b'copying catchrobo_pc/static/js/app.js -> /home/altair/catchrobo2026-pc/install/catchrobo_pc/lib/catchrobo_pc/static/js\n'}
[1.532965] (catchrobo_pc) StdoutLine: {'line': b'copying catchrobo_pc/static/index.html -> /home/altair/catchrobo2026-pc/install/catchrobo_pc/lib/catchrobo_pc/static\n'}
[1.533003] (catchrobo_pc) StdoutLine: {'line': b'running install_egg_info\n'}
[1.553999] (catchrobo_pc) StdoutLine: {'line': b'Copying ../../build/catchrobo_pc/catchrobo_pc.egg-info to /home/altair/catchrobo2026-pc/install/catchrobo_pc/lib/python3.10/site-packages/catchrobo_pc-0.1.0-py3.10.egg-info\n'}
[1.554742] (catchrobo_pc) StdoutLine: {'line': b'running install_scripts\n'}
[1.602400] (-) TimerEvent: {}
[1.702602] (-) TimerEvent: {}
[1.711038] (catchrobo_pc) StdoutLine: {'line': b'Installing web_gui_node script to /home/altair/catchrobo2026-pc/install/catchrobo_pc/lib/catchrobo_pc\n'}
[1.711474] (catchrobo_pc) StdoutLine: {'line': b"writing list of installed files to '/home/altair/catchrobo2026-pc/build/catchrobo_pc/install.log'\n"}
[1.783624] (catchrobo_pc) CommandEnded: {'returncode': 0}
[1.791799] (catchrobo_pc) JobEnded: {'identifier': 'catchrobo_pc', 'rc': 0}
[1.792616] (-) EventReactorShutdown: {}
