[0.883s] Invoking command in '/home/altair/catchrobo2026-pc/build/catchrobo_pc': PYTHONPATH=/home/altair/catchrobo2026-pc/build/catchrobo_pc/prefix_override:/usr/lib/python3/dist-packages/colcon_core/task/python/colcon_distutils_commands:/home/altair/catchrobo2026-pc/install/catchrobo_pc/lib/python3.10/site-packages:${PYTHONPATH} /usr/bin/python3 -W ignore:setup.py install is deprecated -W ignore:easy_install command is deprecated setup.py develop --uninstall --editable --build-directory /home/altair/catchrobo2026-pc/build/catchrobo_pc/build
[1.191s] running develop
[1.420s] Removing /home/altair/catchrobo2026-pc/install/catchrobo_pc/lib/python3.10/site-packages/catchrobo-pc.egg-link (link to .)
[1.448s] Invoked command in '/home/altair/catchrobo2026-pc/build/catchrobo_pc' returned '0': PYTHONPATH=/home/altair/catchrobo2026-pc/build/catchrobo_pc/prefix_override:/usr/lib/python3/dist-packages/colcon_core/task/python/colcon_distutils_commands:/home/altair/catchrobo2026-pc/install/catchrobo_pc/lib/python3.10/site-packages:${PYTHONPATH} /usr/bin/python3 -W ignore:setup.py install is deprecated -W ignore:easy_install command is deprecated setup.py develop --uninstall --editable --build-directory /home/altair/catchrobo2026-pc/build/catchrobo_pc/build
[1.450s] Invoking command in '/home/altair/catchrobo2026-pc/src/catchrobo_pc': PYTHONPATH=/home/altair/catchrobo2026-pc/build/catchrobo_pc/prefix_override:/usr/lib/python3/dist-packages/colcon_core/task/python/colcon_distutils_commands:/home/altair/catchrobo2026-pc/install/catchrobo_pc/lib/python3.10/site-packages:${PYTHONPATH} /usr/bin/python3 -W ignore:setup.py install is deprecated -W ignore:easy_install command is deprecated setup.py egg_info --egg-base ../../build/catchrobo_pc build --build-base /home/altair/catchrobo2026-pc/build/catchrobo_pc/build install --record /home/altair/catchrobo2026-pc/build/catchrobo_pc/install.log --install-scripts $base/lib/catchrobo_pc --single-version-externally-managed install_data --force
[1.737s] running egg_info
[1.738s] writing ../../build/catchrobo_pc/catchrobo_pc.egg-info/PKG-INFO
[1.738s] writing dependency_links to ../../build/catchrobo_pc/catchrobo_pc.egg-info/dependency_links.txt
[1.738s] writing entry points to ../../build/catchrobo_pc/catchrobo_pc.egg-info/entry_points.txt
[1.738s] writing requirements to ../../build/catchrobo_pc/catchrobo_pc.egg-info/requires.txt
[1.738s] writing top-level names to ../../build/catchrobo_pc/catchrobo_pc.egg-info/top_level.txt
[1.740s] reading manifest file '../../build/catchrobo_pc/catchrobo_pc.egg-info/SOURCES.txt'
[1.741s] writing manifest file '../../build/catchrobo_pc/catchrobo_pc.egg-info/SOURCES.txt'
[1.741s] running build
[1.741s] running build_py
[1.741s] copying catchrobo_pc/web_gui_node.py -> /home/altair/catchrobo2026-pc/build/catchrobo_pc/build/lib/catchrobo_pc
[1.742s] running install
[1.742s] running install_lib
[1.743s] creating /home/altair/catchrobo2026-pc/install/catchrobo_pc/lib/python3.10/site-packages/catchrobo_pc
[1.743s] copying /home/altair/catchrobo2026-pc/build/catchrobo_pc/build/lib/catchrobo_pc/debug_node.py -> /home/altair/catchrobo2026-pc/install/catchrobo_pc/lib/python3.10/site-packages/catchrobo_pc
[1.743s] copying /home/altair/catchrobo2026-pc/build/catchrobo_pc/build/lib/catchrobo_pc/web_gui_node.py -> /home/altair/catchrobo2026-pc/install/catchrobo_pc/lib/python3.10/site-packages/catchrobo_pc
[1.743s] copying /home/altair/catchrobo2026-pc/build/catchrobo_pc/build/lib/catchrobo_pc/__init__.py -> /home/altair/catchrobo2026-pc/install/catchrobo_pc/lib/python3.10/site-packages/catchrobo_pc
[1.743s] byte-compiling /home/altair/catchrobo2026-pc/install/catchrobo_pc/lib/python3.10/site-packages/catchrobo_pc/debug_node.py to debug_node.cpython-310.pyc
[1.746s] byte-compiling /home/altair/catchrobo2026-pc/install/catchrobo_pc/lib/python3.10/site-packages/catchrobo_pc/web_gui_node.py to web_gui_node.cpython-310.pyc
[1.751s] byte-compiling /home/altair/catchrobo2026-pc/install/catchrobo_pc/lib/python3.10/site-packages/catchrobo_pc/__init__.py to __init__.cpython-310.pyc
[1.752s] running install_data
[1.752s] copying resource/catchrobo_pc -> /home/altair/catchrobo2026-pc/install/catchrobo_pc/share/ament_index/resource_index/packages
[1.752s] copying package.xml -> /home/altair/catchrobo2026-pc/install/catchrobo_pc/share/catchrobo_pc
[1.752s] copying launch/pc.launch.py -> /home/altair/catchrobo2026-pc/install/catchrobo_pc/share/catchrobo_pc/launch
[1.752s] copying catchrobo_pc/static/css/style.css -> /home/altair/catchrobo2026-pc/install/catchrobo_pc/lib/catchrobo_pc/static/css
[1.752s] copying catchrobo_pc/static/css/mobile.css -> /home/altair/catchrobo2026-pc/install/catchrobo_pc/lib/catchrobo_pc/static/css
[1.752s] copying catchrobo_pc/static/js/app.js -> /home/altair/catchrobo2026-pc/install/catchrobo_pc/lib/catchrobo_pc/static/js
[1.752s] copying catchrobo_pc/static/js/qrcode.min.js -> /home/altair/catchrobo2026-pc/install/catchrobo_pc/lib/catchrobo_pc/static/js
[1.753s] copying catchrobo_pc/static/js/mobile.js -> /home/altair/catchrobo2026-pc/install/catchrobo_pc/lib/catchrobo_pc/static/js
[1.753s] copying catchrobo_pc/static/mobile.html -> /home/altair/catchrobo2026-pc/install/catchrobo_pc/lib/catchrobo_pc/static
[1.753s] copying catchrobo_pc/static/index.html -> /home/altair/catchrobo2026-pc/install/catchrobo_pc/lib/catchrobo_pc/static
[1.753s] running install_egg_info
[1.755s] Copying ../../build/catchrobo_pc/catchrobo_pc.egg-info to /home/altair/catchrobo2026-pc/install/catchrobo_pc/lib/python3.10/site-packages/catchrobo_pc-0.1.0-py3.10.egg-info
[1.755s] running install_scripts
[1.777s] Installing debug_node script to /home/altair/catchrobo2026-pc/install/catchrobo_pc/lib/catchrobo_pc
[1.777s] Installing web_gui_node script to /home/altair/catchrobo2026-pc/install/catchrobo_pc/lib/catchrobo_pc
[1.777s] writing list of installed files to '/home/altair/catchrobo2026-pc/build/catchrobo_pc/install.log'
[1.801s] Invoked command in '/home/altair/catchrobo2026-pc/src/catchrobo_pc' returned '0': PYTHONPATH=/home/altair/catchrobo2026-pc/build/catchrobo_pc/prefix_override:/usr/lib/python3/dist-packages/colcon_core/task/python/colcon_distutils_commands:/home/altair/catchrobo2026-pc/install/catchrobo_pc/lib/python3.10/site-packages:${PYTHONPATH} /usr/bin/python3 -W ignore:setup.py install is deprecated -W ignore:easy_install command is deprecated setup.py egg_info --egg-base ../../build/catchrobo_pc build --build-base /home/altair/catchrobo2026-pc/build/catchrobo_pc/build install --record /home/altair/catchrobo2026-pc/build/catchrobo_pc/install.log --install-scripts $base/lib/catchrobo_pc --single-version-externally-managed install_data --force
