[0.746s] Invoking command in '/home/altair/catchrobo2026-pc/src/catchrobo_pc': PYTHONPATH=/home/altair/catchrobo2026-pc/build/catchrobo_pc/prefix_override:/usr/lib/python3/dist-packages/colcon_core/task/python/colcon_distutils_commands:/home/altair/catchrobo2026-pc/install/catchrobo_pc/lib/python3.10/site-packages:${PYTHONPATH} /usr/bin/python3 -W ignore:setup.py install is deprecated -W ignore:easy_install command is deprecated setup.py egg_info --egg-base ../../build/catchrobo_pc build --build-base /home/altair/catchrobo2026-pc/build/catchrobo_pc/build install --record /home/altair/catchrobo2026-pc/build/catchrobo_pc/install.log --install-scripts $base/lib/catchrobo_pc --single-version-externally-managed install_data
[1.025s] running egg_info
[1.026s] writing ../../build/catchrobo_pc/catchrobo_pc.egg-info/PKG-INFO
[1.026s] writing dependency_links to ../../build/catchrobo_pc/catchrobo_pc.egg-info/dependency_links.txt
[1.026s] writing entry points to ../../build/catchrobo_pc/catchrobo_pc.egg-info/entry_points.txt
[1.027s] writing requirements to ../../build/catchrobo_pc/catchrobo_pc.egg-info/requires.txt
[1.027s] writing top-level names to ../../build/catchrobo_pc/catchrobo_pc.egg-info/top_level.txt
[1.029s] reading manifest file '../../build/catchrobo_pc/catchrobo_pc.egg-info/SOURCES.txt'
[1.030s] writing manifest file '../../build/catchrobo_pc/catchrobo_pc.egg-info/SOURCES.txt'
[1.030s] running build
[1.030s] running build_py
[1.030s] copying catchrobo_pc/web_gui_node.py -> /home/altair/catchrobo2026-pc/build/catchrobo_pc/build/lib/catchrobo_pc
[1.030s] running install
[1.031s] running install_lib
[1.032s] copying /home/altair/catchrobo2026-pc/build/catchrobo_pc/build/lib/catchrobo_pc/web_gui_node.py -> /home/altair/catchrobo2026-pc/install/catchrobo_pc/lib/python3.10/site-packages/catchrobo_pc
[1.032s] byte-compiling /home/altair/catchrobo2026-pc/install/catchrobo_pc/lib/python3.10/site-packages/catchrobo_pc/web_gui_node.py to web_gui_node.cpython-310.pyc
[1.038s] running install_data
[1.039s] running install_egg_info
[1.040s] removing '/home/altair/catchrobo2026-pc/install/catchrobo_pc/lib/python3.10/site-packages/catchrobo_pc-0.1.0-py3.10.egg-info' (and everything under it)
[1.041s] Copying ../../build/catchrobo_pc/catchrobo_pc.egg-info to /home/altair/catchrobo2026-pc/install/catchrobo_pc/lib/python3.10/site-packages/catchrobo_pc-0.1.0-py3.10.egg-info
[1.042s] running install_scripts
[1.063s] Installing debug_node script to /home/altair/catchrobo2026-pc/install/catchrobo_pc/lib/catchrobo_pc
[1.063s] Installing web_gui_node script to /home/altair/catchrobo2026-pc/install/catchrobo_pc/lib/catchrobo_pc
[1.063s] writing list of installed files to '/home/altair/catchrobo2026-pc/build/catchrobo_pc/install.log'
[1.085s] Invoked command in '/home/altair/catchrobo2026-pc/src/catchrobo_pc' returned '0': PYTHONPATH=/home/altair/catchrobo2026-pc/build/catchrobo_pc/prefix_override:/usr/lib/python3/dist-packages/colcon_core/task/python/colcon_distutils_commands:/home/altair/catchrobo2026-pc/install/catchrobo_pc/lib/python3.10/site-packages:${PYTHONPATH} /usr/bin/python3 -W ignore:setup.py install is deprecated -W ignore:easy_install command is deprecated setup.py egg_info --egg-base ../../build/catchrobo_pc build --build-base /home/altair/catchrobo2026-pc/build/catchrobo_pc/build install --record /home/altair/catchrobo2026-pc/build/catchrobo_pc/install.log --install-scripts $base/lib/catchrobo_pc --single-version-externally-managed install_data
