[0.661s] DEBUG:colcon:Command line arguments: ['/usr/bin/colcon', 'build', '--packages-select', 'catchrobo_pc']
[0.661s] DEBUG:colcon:Parsed command line arguments: Namespace(log_base=None, log_level=None, verb_name='build', build_base='build', install_base='install', merge_install=False, symlink_install=False, test_result_base=None, continue_on_error=False, executor='parallel', parallel_workers=8, event_handlers=None, ignore_user_meta=False, metas=['./colcon.meta'], base_paths=['.'], packages_ignore=None, packages_ignore_regex=None, paths=None, packages_up_to=None, packages_up_to_regex=None, packages_above=None, packages_above_and_dependencies=None, packages_above_depth=None, packages_select_by_dep=None, packages_skip_by_dep=None, packages_skip_up_to=None, packages_select_build_failed=False, packages_skip_build_finished=False, packages_select_test_failures=False, packages_skip_test_passed=False, packages_select=['catchrobo_pc'], packages_skip=None, packages_select_regex=None, packages_skip_regex=None, packages_start=None, packages_end=None, allow_overriding=[], cmake_args=None, cmake_target=None, cmake_target_skip_unavailable=False, cmake_clean_cache=False, cmake_clean_first=False, cmake_force_configure=False, ament_cmake_args=None, catkin_cmake_args=None, catkin_skip_building_tests=False, verb_parser=<colcon_defaults.argument_parser.defaults.DefaultArgumentsDecorator object at 0x7170e9a69e40>, verb_extension=<colcon_core.verb.build.BuildVerb object at 0x7170e9b57940>, main=<bound method BuildVerb.main of <colcon_core.verb.build.BuildVerb object at 0x7170e9b57940>>)
[1.171s] Level 1:colcon.colcon_core.package_discovery:discover_packages(colcon_meta) check parameters
[1.172s] Level 1:colcon.colcon_core.package_discovery:discover_packages(recursive) check parameters
[1.172s] Level 1:colcon.colcon_core.package_discovery:discover_packages(ignore) check parameters
[1.172s] Level 1:colcon.colcon_core.package_discovery:discover_packages(path) check parameters
[1.172s] Level 1:colcon.colcon_core.package_discovery:discover_packages(colcon_meta) discover
[1.172s] Level 1:colcon.colcon_core.package_discovery:discover_packages(recursive) discover
[1.172s] INFO:colcon.colcon_core.package_discovery:Crawling recursively for packages in '/home/altair/catchrobo2026-pc'
[1.172s] Level 1:colcon.colcon_core.package_identification:_identify(.) by extensions ['ignore', 'ignore_ament_install']
[1.173s] Level 1:colcon.colcon_core.package_identification:_identify(.) by extension 'ignore'
[1.173s] Level 1:colcon.colcon_core.package_identification:_identify(.) by extension 'ignore_ament_install'
[1.173s] Level 1:colcon.colcon_core.package_identification:_identify(.) by extensions ['colcon_pkg']
[1.173s] Level 1:colcon.colcon_core.package_identification:_identify(.) by extension 'colcon_pkg'
[1.173s] Level 1:colcon.colcon_core.package_identification:_identify(.) by extensions ['colcon_meta']
[1.173s] Level 1:colcon.colcon_core.package_identification:_identify(.) by extension 'colcon_meta'
[1.173s] Level 1:colcon.colcon_core.package_identification:_identify(.) by extensions ['ros']
[1.173s] Level 1:colcon.colcon_core.package_identification:_identify(.) by extension 'ros'
[1.202s] Level 1:colcon.colcon_core.package_identification:_identify(.) by extensions ['cmake', 'python']
[1.202s] Level 1:colcon.colcon_core.package_identification:_identify(.) by extension 'cmake'
[1.203s] Level 1:colcon.colcon_core.package_identification:_identify(.) by extension 'python'
[1.203s] Level 1:colcon.colcon_core.package_identification:_identify(.) by extensions ['python_setup_py']
[1.203s] Level 1:colcon.colcon_core.package_identification:_identify(.) by extension 'python_setup_py'
[1.203s] Level 1:colcon.colcon_core.package_identification:_identify(build) by extensions ['ignore', 'ignore_ament_install']
[1.203s] Level 1:colcon.colcon_core.package_identification:_identify(build) by extension 'ignore'
[1.203s] Level 1:colcon.colcon_core.package_identification:_identify(build) ignored
[1.203s] Level 1:colcon.colcon_core.package_identification:_identify(install) by extensions ['ignore', 'ignore_ament_install']
[1.203s] Level 1:colcon.colcon_core.package_identification:_identify(install) by extension 'ignore'
[1.203s] Level 1:colcon.colcon_core.package_identification:_identify(install) ignored
[1.204s] Level 1:colcon.colcon_core.package_identification:_identify(launch) by extensions ['ignore', 'ignore_ament_install']
[1.204s] Level 1:colcon.colcon_core.package_identification:_identify(launch) by extension 'ignore'
[1.204s] Level 1:colcon.colcon_core.package_identification:_identify(launch) by extension 'ignore_ament_install'
[1.204s] Level 1:colcon.colcon_core.package_identification:_identify(launch) by extensions ['colcon_pkg']
[1.204s] Level 1:colcon.colcon_core.package_identification:_identify(launch) by extension 'colcon_pkg'
[1.204s] Level 1:colcon.colcon_core.package_identification:_identify(launch) by extensions ['colcon_meta']
[1.204s] Level 1:colcon.colcon_core.package_identification:_identify(launch) by extension 'colcon_meta'
[1.204s] Level 1:colcon.colcon_core.package_identification:_identify(launch) by extensions ['ros']
[1.204s] Level 1:colcon.colcon_core.package_identification:_identify(launch) by extension 'ros'
[1.204s] Level 1:colcon.colcon_core.package_identification:_identify(launch) by extensions ['cmake', 'python']
[1.204s] Level 1:colcon.colcon_core.package_identification:_identify(launch) by extension 'cmake'
[1.204s] Level 1:colcon.colcon_core.package_identification:_identify(launch) by extension 'python'
[1.204s] Level 1:colcon.colcon_core.package_identification:_identify(launch) by extensions ['python_setup_py']
[1.205s] Level 1:colcon.colcon_core.package_identification:_identify(launch) by extension 'python_setup_py'
[1.205s] Level 1:colcon.colcon_core.package_identification:_identify(log) by extensions ['ignore', 'ignore_ament_install']
[1.205s] Level 1:colcon.colcon_core.package_identification:_identify(log) by extension 'ignore'
[1.205s] Level 1:colcon.colcon_core.package_identification:_identify(log) ignored
[1.205s] Level 1:colcon.colcon_core.package_identification:_identify(sample) by extensions ['ignore', 'ignore_ament_install']
[1.205s] Level 1:colcon.colcon_core.package_identification:_identify(sample) by extension 'ignore'
[1.205s] Level 1:colcon.colcon_core.package_identification:_identify(sample) by extension 'ignore_ament_install'
[1.205s] Level 1:colcon.colcon_core.package_identification:_identify(sample) by extensions ['colcon_pkg']
[1.205s] Level 1:colcon.colcon_core.package_identification:_identify(sample) by extension 'colcon_pkg'
[1.205s] Level 1:colcon.colcon_core.package_identification:_identify(sample) by extensions ['colcon_meta']
[1.205s] Level 1:colcon.colcon_core.package_identification:_identify(sample) by extension 'colcon_meta'
[1.206s] Level 1:colcon.colcon_core.package_identification:_identify(sample) by extensions ['ros']
[1.206s] Level 1:colcon.colcon_core.package_identification:_identify(sample) by extension 'ros'
[1.206s] Level 1:colcon.colcon_core.package_identification:_identify(sample) by extensions ['cmake', 'python']
[1.206s] Level 1:colcon.colcon_core.package_identification:_identify(sample) by extension 'cmake'
[1.206s] Level 1:colcon.colcon_core.package_identification:_identify(sample) by extension 'python'
[1.206s] Level 1:colcon.colcon_core.package_identification:_identify(sample) by extensions ['python_setup_py']
[1.206s] Level 1:colcon.colcon_core.package_identification:_identify(sample) by extension 'python_setup_py'
[1.206s] Level 1:colcon.colcon_core.package_identification:_identify(src) by extensions ['ignore', 'ignore_ament_install']
[1.206s] Level 1:colcon.colcon_core.package_identification:_identify(src) by extension 'ignore'
[1.206s] Level 1:colcon.colcon_core.package_identification:_identify(src) by extension 'ignore_ament_install'
[1.206s] Level 1:colcon.colcon_core.package_identification:_identify(src) by extensions ['colcon_pkg']
[1.206s] Level 1:colcon.colcon_core.package_identification:_identify(src) by extension 'colcon_pkg'
[1.206s] Level 1:colcon.colcon_core.package_identification:_identify(src) by extensions ['colcon_meta']
[1.207s] Level 1:colcon.colcon_core.package_identification:_identify(src) by extension 'colcon_meta'
[1.207s] Level 1:colcon.colcon_core.package_identification:_identify(src) by extensions ['ros']
[1.207s] Level 1:colcon.colcon_core.package_identification:_identify(src) by extension 'ros'
[1.207s] Level 1:colcon.colcon_core.package_identification:_identify(src) by extensions ['cmake', 'python']
[1.207s] Level 1:colcon.colcon_core.package_identification:_identify(src) by extension 'cmake'
[1.207s] Level 1:colcon.colcon_core.package_identification:_identify(src) by extension 'python'
[1.207s] Level 1:colcon.colcon_core.package_identification:_identify(src) by extensions ['python_setup_py']
[1.207s] Level 1:colcon.colcon_core.package_identification:_identify(src) by extension 'python_setup_py'
[1.207s] Level 1:colcon.colcon_core.package_identification:_identify(src/catchrobo_pc) by extensions ['ignore', 'ignore_ament_install']
[1.207s] Level 1:colcon.colcon_core.package_identification:_identify(src/catchrobo_pc) by extension 'ignore'
[1.207s] Level 1:colcon.colcon_core.package_identification:_identify(src/catchrobo_pc) by extension 'ignore_ament_install'
[1.207s] Level 1:colcon.colcon_core.package_identification:_identify(src/catchrobo_pc) by extensions ['colcon_pkg']
[1.208s] Level 1:colcon.colcon_core.package_identification:_identify(src/catchrobo_pc) by extension 'colcon_pkg'
[1.208s] Level 1:colcon.colcon_core.package_identification:_identify(src/catchrobo_pc) by extensions ['colcon_meta']
[1.208s] Level 1:colcon.colcon_core.package_identification:_identify(src/catchrobo_pc) by extension 'colcon_meta'
[1.208s] Level 1:colcon.colcon_core.package_identification:_identify(src/catchrobo_pc) by extensions ['ros']
[1.208s] Level 1:colcon.colcon_core.package_identification:_identify(src/catchrobo_pc) by extension 'ros'
[1.212s] DEBUG:colcon.colcon_core.package_identification:Package 'src/catchrobo_pc' with type 'ros.ament_python' and name 'catchrobo_pc'
[1.212s] Level 1:colcon.colcon_core.package_discovery:discover_packages(recursive) using defaults
[1.212s] Level 1:colcon.colcon_core.package_discovery:discover_packages(ignore) discover
[1.212s] Level 1:colcon.colcon_core.package_discovery:discover_packages(ignore) using defaults
[1.212s] Level 1:colcon.colcon_core.package_discovery:discover_packages(path) discover
[1.213s] Level 1:colcon.colcon_core.package_discovery:discover_packages(path) using defaults
[1.256s] Level 1:colcon.colcon_core.package_discovery:discover_packages(prefix_path) check parameters
[1.256s] Level 1:colcon.colcon_core.package_discovery:discover_packages(prefix_path) discover
[1.263s] DEBUG:colcon.colcon_installed_package_information.package_discovery:Found 372 installed packages in /opt/ros/humble
[1.265s] Level 1:colcon.colcon_core.package_discovery:discover_packages(prefix_path) using defaults
[1.327s] Level 5:colcon.colcon_core.verb:set package 'catchrobo_pc' build argument 'cmake_args' from command line to 'None'
[1.327s] Level 5:colcon.colcon_core.verb:set package 'catchrobo_pc' build argument 'cmake_target' from command line to 'None'
[1.328s] Level 5:colcon.colcon_core.verb:set package 'catchrobo_pc' build argument 'cmake_target_skip_unavailable' from command line to 'False'
[1.328s] Level 5:colcon.colcon_core.verb:set package 'catchrobo_pc' build argument 'cmake_clean_cache' from command line to 'False'
[1.328s] Level 5:colcon.colcon_core.verb:set package 'catchrobo_pc' build argument 'cmake_clean_first' from command line to 'False'
[1.328s] Level 5:colcon.colcon_core.verb:set package 'catchrobo_pc' build argument 'cmake_force_configure' from command line to 'False'
[1.328s] Level 5:colcon.colcon_core.verb:set package 'catchrobo_pc' build argument 'ament_cmake_args' from command line to 'None'
[1.328s] Level 5:colcon.colcon_core.verb:set package 'catchrobo_pc' build argument 'catkin_cmake_args' from command line to 'None'
[1.328s] Level 5:colcon.colcon_core.verb:set package 'catchrobo_pc' build argument 'catkin_skip_building_tests' from command line to 'False'
[1.328s] DEBUG:colcon.colcon_core.verb:Building package 'catchrobo_pc' with the following arguments: {'ament_cmake_args': None, 'build_base': '/home/altair/catchrobo2026-pc/build/catchrobo_pc', 'catkin_cmake_args': None, 'catkin_skip_building_tests': False, 'cmake_args': None, 'cmake_clean_cache': False, 'cmake_clean_first': False, 'cmake_force_configure': False, 'cmake_target': None, 'cmake_target_skip_unavailable': False, 'install_base': '/home/altair/catchrobo2026-pc/install/catchrobo_pc', 'merge_install': False, 'path': '/home/altair/catchrobo2026-pc/src/catchrobo_pc', 'symlink_install': False, 'test_result_base': None}
[1.328s] INFO:colcon.colcon_core.executor:Executing jobs using 'parallel' executor
[1.329s] DEBUG:colcon.colcon_parallel_executor.executor.parallel:run_until_complete
[1.329s] INFO:colcon.colcon_ros.task.ament_python.build:Building ROS package in '/home/altair/catchrobo2026-pc/src/catchrobo_pc' with build type 'ament_python'
[1.329s] Level 1:colcon.colcon_core.shell:create_environment_hook('catchrobo_pc', 'ament_prefix_path')
[1.335s] INFO:colcon.colcon_core.plugin_system:Skipping extension 'colcon_core.shell.bat': Not used on non-Windows systems
[1.335s] INFO:colcon.colcon_core.shell:Creating environment hook '/home/altair/catchrobo2026-pc/install/catchrobo_pc/share/catchrobo_pc/hook/ament_prefix_path.ps1'
[1.337s] INFO:colcon.colcon_core.shell:Creating environment descriptor '/home/altair/catchrobo2026-pc/install/catchrobo_pc/share/catchrobo_pc/hook/ament_prefix_path.dsv'
[1.338s] INFO:colcon.colcon_core.shell:Creating environment hook '/home/altair/catchrobo2026-pc/install/catchrobo_pc/share/catchrobo_pc/hook/ament_prefix_path.sh'
[1.340s] INFO:colcon.colcon_core.shell:Skip shell extension 'powershell' for command environment: Not usable outside of PowerShell
[1.340s] DEBUG:colcon.colcon_core.shell:Skip shell extension 'dsv' for command environment
[1.709s] INFO:colcon.colcon_core.task.python.build:Building Python package in '/home/altair/catchrobo2026-pc/src/catchrobo_pc'
[1.709s] INFO:colcon.colcon_core.shell:Skip shell extension 'powershell' for command environment: Not usable outside of PowerShell
[1.709s] DEBUG:colcon.colcon_core.shell:Skip shell extension 'dsv' for command environment
[2.313s] DEBUG:colcon.colcon_core.event_handler.log_command:Invoking command in '/home/altair/catchrobo2026-pc/src/catchrobo_pc': PYTHONPATH=/home/altair/catchrobo2026-pc/build/catchrobo_pc/prefix_override:/usr/lib/python3/dist-packages/colcon_core/task/python/colcon_distutils_commands:/home/altair/catchrobo2026-pc/install/catchrobo_pc/lib/python3.10/site-packages:${PYTHONPATH} /usr/bin/python3 -W ignore:setup.py install is deprecated -W ignore:easy_install command is deprecated setup.py egg_info --egg-base ../../build/catchrobo_pc build --build-base /home/altair/catchrobo2026-pc/build/catchrobo_pc/build install --record /home/altair/catchrobo2026-pc/build/catchrobo_pc/install.log --single-version-externally-managed install_data
[2.715s] DEBUG:colcon.colcon_core.event_handler.log_command:Invoked command in '/home/altair/catchrobo2026-pc/src/catchrobo_pc' returned '0': PYTHONPATH=/home/altair/catchrobo2026-pc/build/catchrobo_pc/prefix_override:/usr/lib/python3/dist-packages/colcon_core/task/python/colcon_distutils_commands:/home/altair/catchrobo2026-pc/install/catchrobo_pc/lib/python3.10/site-packages:${PYTHONPATH} /usr/bin/python3 -W ignore:setup.py install is deprecated -W ignore:easy_install command is deprecated setup.py egg_info --egg-base ../../build/catchrobo_pc build --build-base /home/altair/catchrobo2026-pc/build/catchrobo_pc/build install --record /home/altair/catchrobo2026-pc/build/catchrobo_pc/install.log --single-version-externally-managed install_data
[2.726s] Level 1:colcon.colcon_core.environment:checking '/home/altair/catchrobo2026-pc/install/catchrobo_pc' for CMake module files
[2.727s] Level 1:colcon.colcon_core.environment:checking '/home/altair/catchrobo2026-pc/install/catchrobo_pc' for CMake config files
[2.728s] Level 1:colcon.colcon_core.environment:checking '/home/altair/catchrobo2026-pc/install/catchrobo_pc/lib'
[2.728s] Level 1:colcon.colcon_core.environment:checking '/home/altair/catchrobo2026-pc/install/catchrobo_pc/bin'
[2.728s] Level 1:colcon.colcon_core.environment:checking '/home/altair/catchrobo2026-pc/install/catchrobo_pc/lib/pkgconfig/catchrobo_pc.pc'
[2.728s] Level 1:colcon.colcon_core.environment:checking '/home/altair/catchrobo2026-pc/install/catchrobo_pc/lib/python3.10/site-packages'
[2.728s] Level 1:colcon.colcon_core.shell:create_environment_hook('catchrobo_pc', 'pythonpath')
[2.729s] INFO:colcon.colcon_core.shell:Creating environment hook '/home/altair/catchrobo2026-pc/install/catchrobo_pc/share/catchrobo_pc/hook/pythonpath.ps1'
[2.729s] INFO:colcon.colcon_core.shell:Creating environment descriptor '/home/altair/catchrobo2026-pc/install/catchrobo_pc/share/catchrobo_pc/hook/pythonpath.dsv'
[2.730s] INFO:colcon.colcon_core.shell:Creating environment hook '/home/altair/catchrobo2026-pc/install/catchrobo_pc/share/catchrobo_pc/hook/pythonpath.sh'
[2.731s] Level 1:colcon.colcon_core.environment:checking '/home/altair/catchrobo2026-pc/install/catchrobo_pc/bin'
[2.731s] Level 1:colcon.colcon_core.environment:create_environment_scripts_only(catchrobo_pc)
[2.731s] INFO:colcon.colcon_core.shell:Creating package script '/home/altair/catchrobo2026-pc/install/catchrobo_pc/share/catchrobo_pc/package.ps1'
[2.733s] INFO:colcon.colcon_core.shell:Creating package descriptor '/home/altair/catchrobo2026-pc/install/catchrobo_pc/share/catchrobo_pc/package.dsv'
[2.735s] INFO:colcon.colcon_core.shell:Creating package script '/home/altair/catchrobo2026-pc/install/catchrobo_pc/share/catchrobo_pc/package.sh'
[2.737s] INFO:colcon.colcon_core.shell:Creating package script '/home/altair/catchrobo2026-pc/install/catchrobo_pc/share/catchrobo_pc/package.bash'
[2.739s] INFO:colcon.colcon_core.shell:Creating package script '/home/altair/catchrobo2026-pc/install/catchrobo_pc/share/catchrobo_pc/package.zsh'
[2.740s] Level 1:colcon.colcon_core.environment:create_file_with_runtime_dependencies(/home/altair/catchrobo2026-pc/install/catchrobo_pc/share/colcon-core/packages/catchrobo_pc)
[2.740s] DEBUG:colcon.colcon_parallel_executor.executor.parallel:closing loop
[2.741s] DEBUG:colcon.colcon_parallel_executor.executor.parallel:loop closed
[2.741s] DEBUG:colcon.colcon_parallel_executor.executor.parallel:run_until_complete finished with '0'
[2.741s] DEBUG:colcon.colcon_core.event_reactor:joining thread
[2.750s] INFO:colcon.colcon_core.plugin_system:Skipping extension 'colcon_notification.desktop_notification.terminal_notifier': Not used on non-Darwin systems
[2.750s] INFO:colcon.colcon_core.plugin_system:Skipping extension 'colcon_notification.desktop_notification.win32': Not used on non-Windows systems
[2.750s] INFO:colcon.colcon_notification.desktop_notification:Sending desktop notification using 'notify2'
[2.768s] DEBUG:colcon.colcon_core.event_reactor:joined thread
[2.769s] INFO:colcon.colcon_core.shell:Creating prefix script '/home/altair/catchrobo2026-pc/install/local_setup.ps1'
[2.770s] INFO:colcon.colcon_core.shell:Creating prefix util module '/home/altair/catchrobo2026-pc/install/_local_setup_util_ps1.py'
[2.773s] INFO:colcon.colcon_core.shell:Creating prefix chain script '/home/altair/catchrobo2026-pc/install/setup.ps1'
[2.775s] INFO:colcon.colcon_core.shell:Creating prefix script '/home/altair/catchrobo2026-pc/install/local_setup.sh'
[2.776s] INFO:colcon.colcon_core.shell:Creating prefix util module '/home/altair/catchrobo2026-pc/install/_local_setup_util_sh.py'
[2.777s] INFO:colcon.colcon_core.shell:Creating prefix chain script '/home/altair/catchrobo2026-pc/install/setup.sh'
[2.781s] INFO:colcon.colcon_core.shell:Creating prefix script '/home/altair/catchrobo2026-pc/install/local_setup.bash'
[2.782s] INFO:colcon.colcon_core.shell:Creating prefix chain script '/home/altair/catchrobo2026-pc/install/setup.bash'
[2.783s] INFO:colcon.colcon_core.shell:Creating prefix script '/home/altair/catchrobo2026-pc/install/local_setup.zsh'
[2.784s] INFO:colcon.colcon_core.shell:Creating prefix chain script '/home/altair/catchrobo2026-pc/install/setup.zsh'
