[0.000000] (-) TimerEvent: {}
[0.000442] (catchrobo_pc) JobQueued: {'identifier': 'catchrobo_pc', 'dependencies': OrderedDict()}
[0.000864] (catchrobo_pc) JobStarted: {'identifier': 'catchrobo_pc'}
[0.100009] (-) TimerEvent: {}
[0.200279] (-) TimerEvent: {}
[0.300554] (-) TimerEvent: {}
[0.400774] (-) TimerEvent: {}
[0.501060] (-) TimerEvent: {}
[0.601349] (-) TimerEvent: {}
[0.701590] (-) TimerEvent: {}
[0.756463] (catchrobo_pc) Command: {'cmd': ['/usr/bin/python3', '-W', 'ignore:setup.py install is deprecated', '-W', 'ignore:easy_install command is deprecated', 'setup.py', 'egg_info', '--egg-base', '../../build/catchrobo_pc', 'build', '--build-base', '/home/altair/catchrobo2026-pc/build/catchrobo_pc/build', 'install', '--record', '/home/altair/catchrobo2026-pc/build/catchrobo_pc/install.log', '--single-version-externally-managed', 'install_data'], 'cwd': '/home/altair/catchrobo2026-pc/src/catchrobo_pc', 'env': {'GJS_DEBUG_TOPICS': 'JS ERROR;JS LOG', 'LESSOPEN': '| /usr/bin/lesspipe %s', 'VSCODE_CWD': '/home/altair', 'USER': 'altair', 'VSCODE_NLS_CONFIG': '{"userLocale":"ja","osLocale":"ja-jp","resolvedLanguage":"ja","defaultMessagesFile":"/usr/share/antigravity/resources/app/out/nls.messages.json","languagePack":{"translationsConfigFile":"/home/altair/.config/Antigravity/clp/c079ae35ca5a109e941bb27abcf19a86.ja/tcf.json","messagesFile":"/home/altair/.config/Antigravity/clp/c079ae35ca5a109e941bb27abcf19a86.ja/15487b3041e65228cae24980a3f796c905ef582c/nls.messages.json","corruptMarkerFile":"/home/altair/.config/Antigravity/clp/c079ae35ca5a109e941bb27abcf19a86.ja/corrupted.info"},"locale":"ja","availableLanguages":{"*":"ja"},"_languagePackId":"c079ae35ca5a109e941bb27abcf19a86.ja","_languagePackSupport":true,"_translationsConfigFile":"/home/altair/.config/Antigravity/clp/c079ae35ca5a109e941bb27abcf19a86.ja/tcf.json","_cacheRoot":"/home/altair/.config/Antigravity/clp/c079ae35ca5a109e941bb27abcf19a86.ja","_resolvedLanguagePackCoreLocation":"/home/altair/.config/Antigravity/clp/c079ae35ca5a109e941bb27abcf19a86.ja/15487b3041e65228cae24980a3f796c905ef582c","_corruptedFile":"/home/altair/.config/Antigravity/clp/c079ae35ca5a109e941bb27abcf19a86.ja/corrupted.info"}', 'XDG_SESSION_TYPE': 'wayland', 'SHLVL': '1', 'LD_LIBRARY_PATH': '/usr/lib/x86_64-linux-gnu/gazebo-11/plugins:/opt/ros/humble/opt/rviz_ogre_vendor/lib:/opt/ros/humble/lib/x86_64-linux-gnu:/opt/ros/humble/lib', 'HOME': '/home/altair', 'CHROME_DESKTOP': 'antigravity.desktop', 'DESKTOP_SESSION': 'ubuntu', 'NVM_BIN': '/home/altair/.nvm/versions/node/v22.20.0/bin', 'NVM_INC': '/home/altair/.nvm/versions/node/v22.20.0/include/node', 'VSCODE_IPC_HOOK': '/run/user/1000/vscode-7f2a30db-1.10-main.sock', 'GIO_LAUNCHED_DESKTOP_FILE': '/usr/share/applications/antigravity.desktop', 'ROS_PYTHON_VERSION': '3', 'GNOME_SHELL_SESSION_MODE': 'ubuntu', 'GTK_MODULES': 'gail:atk-bridge', 'PAGER': 'cat', 'MANAGERPID': '961', 'SYSTEMD_EXEC_PID': '1118', 'IM_CONFIG_CHECK_ENV': '1', 'UNZIP': '-O CP932', 'DBUS_SESSION_BUS_ADDRESS': 'unix:path=/run/user/1000/bus', 'ANTIGRAVITY_AGENT': '1', 'GIO_LAUNCHED_DESKTOP_FILE_PID': '6651', 'NVM_DIR': '/home/altair/.nvm', 'IM_CONFIG_PHASE': '1', 'WAYLAND_DISPLAY': 'wayland-0', 'ROS_DISTRO': 'humble', 'LOGNAME': 'altair', '_': '/usr/bin/colcon', 'JOURNAL_STREAM': '8:13406', 'ROS_VERSION': '2', 'XDG_SESSION_CLASS': 'user', 'USERNAME': 'altair', 'TERM': 'dumb', 'GNOME_DESKTOP_SESSION_ID': 'this-is-deprecated', 'FC_FONTATIONS': '1', 'ROS_LOCALHOST_ONLY': '0', 'ANTIGRAVITY_EDITOR_APP_ROOT': '/usr/share/antigravity/resources/app', 'PATH': '/home/altair/.local/bin:/home/altair/.nvm/versions/node/v22.20.0/bin:/opt/ros/humble/bin:/home/altair/.local/bin:/usr/local/sbin:/usr/local/bin:/usr/sbin:/usr/bin:/sbin:/bin:/usr/games:/usr/local/games:/snap/bin:/snap/bin', 'SESSION_MANAGER': 'local/altair-ThinkPad-L580:@/tmp/.ICE-unix/1079,unix/altair-ThinkPad-L580:/tmp/.ICE-unix/1079', 'INVOCATION_ID': '736ab7878e1241f6a855131c8b7f67c4', 'XDG_MENU_PREFIX': 'gnome-', 'GNOME_SETUP_DISPLAY': ':1', 'XDG_RUNTIME_DIR': '/run/user/1000', 'GDK_BACKEND': 'wayland', 'DISPLAY': ':0', 'LANG': 'ja_JP.UTF-8', 'XDG_CURRENT_DESKTOP': 'ubuntu:GNOME', 'XMODIFIERS': '@im=ibus', 'XDG_SESSION_DESKTOP': 'ubuntu', 'XAUTHORITY': '/run/user/1000/.mutter-Xwaylandauth.T0S3O3', 'LS_COLORS': '', 'SSH_AGENT_LAUNCHER': 'gnome-keyring', 'SSH_AUTH_SOCK': '/run/user/1000/keyring/ssh', 'AMENT_PREFIX_PATH': '/opt/ros/humble', 'SHELL': '/bin/bash', 'QT_ACCESSIBILITY': '1', 'GDMSESSION': 'ubuntu', 'LESSCLOSE': '/usr/bin/lesspipe %s %s', 'GJS_DEBUG_OUTPUT': 'stderr', 'QT_IM_MODULE': 'ibus', 'ANTIGRAVITY_TRAJECTORY_ID': 'fba3e08c-008e-4365-a6e7-bff373f46dcb', 'PWD': '/home/altair/catchrobo2026-pc/build/catchrobo_pc', 'ZIPINFO': '-O CP932', 'XDG_CONFIG_DIRS': '/etc/xdg/xdg-ubuntu:/etc/xdg', 'VSCODE_CODE_CACHE_PATH': '/home/altair/.config/Antigravity/CachedData/15487b3041e65228cae24980a3f796c905ef582c', 'NVM_CD_FLAGS': '', 'XDG_DATA_DIRS': '/usr/share/ubuntu:/home/altair/.local/share/flatpak/exports/share:/var/lib/flatpak/exports/share:/usr/local/share/:/usr/share/:/var/lib/snapd/desktop', 'PYTHONPATH': '/home/altair/catchrobo2026-pc/build/catchrobo_pc/prefix_override:/usr/lib/python3/dist-packages/colcon_core/task/python/colcon_distutils_commands:/home/altair/catchrobo2026-pc/install/catchrobo_pc/lib/python3.10/site-packages:/opt/ros/humble/lib/python3.10/site-packages:/opt/ros/humble/local/lib/python3.10/dist-packages', 'COLCON': '1', 'VSCODE_PID': '6651'}, 'shell': False}
[0.801677] (-) TimerEvent: {}
[0.901966] (-) TimerEvent: {}
[1.002222] (-) TimerEvent: {}
[1.055963] (catchrobo_pc) StdoutLine: {'line': b'running egg_info\n'}
[1.056823] (catchrobo_pc) StdoutLine: {'line': b'writing ../../build/catchrobo_pc/catchrobo_pc.egg-info/PKG-INFO\n'}
[1.057042] (catchrobo_pc) StdoutLine: {'line': b'writing dependency_links to ../../build/catchrobo_pc/catchrobo_pc.egg-info/dependency_links.txt\n'}
[1.057162] (catchrobo_pc) StdoutLine: {'line': b'writing entry points to ../../build/catchrobo_pc/catchrobo_pc.egg-info/entry_points.txt\n'}
[1.057297] (catchrobo_pc) StdoutLine: {'line': b'writing requirements to ../../build/catchrobo_pc/catchrobo_pc.egg-info/requires.txt\n'}
[1.057390] (catchrobo_pc) StdoutLine: {'line': b'writing top-level names to ../../build/catchrobo_pc/catchrobo_pc.egg-info/top_level.txt\n'}
[1.059855] (catchrobo_pc) StdoutLine: {'line': b"reading manifest file '../../build/catchrobo_pc/catchrobo_pc.egg-info/SOURCES.txt'\n"}
[1.060817] (catchrobo_pc) StdoutLine: {'line': b"writing manifest file '../../build/catchrobo_pc/catchrobo_pc.egg-info/SOURCES.txt'\n"}
[1.061062] (catchrobo_pc) StdoutLine: {'line': b'running build\n'}
[1.061138] (catchrobo_pc) StdoutLine: {'line': b'running build_py\n'}
[1.061269] (catchrobo_pc) StdoutLine: {'line': b'running install\n'}
[1.061662] (catchrobo_pc) StdoutLine: {'line': b'running install_lib\n'}
[1.063029] (catchrobo_pc) StdoutLine: {'line': b'running install_data\n'}
[1.063179] (catchrobo_pc) StdoutLine: {'line': b'copying launch/pc.launch.py -> /home/altair/catchrobo2026-pc/install/catchrobo_pc/share/catchrobo_pc/launch\n'}
[1.063410] (catchrobo_pc) StdoutLine: {'line': b'running install_egg_info\n'}
[1.065346] (catchrobo_pc) StdoutLine: {'line': b"removing '/home/altair/catchrobo2026-pc/install/catchrobo_pc/lib/python3.10/site-packages/catchrobo_pc-0.1.0-py3.10.egg-info' (and everything under it)\n"}
[1.065703] (catchrobo_pc) StdoutLine: {'line': b'Copying ../../build/catchrobo_pc/catchrobo_pc.egg-info to /home/altair/catchrobo2026-pc/install/catchrobo_pc/lib/python3.10/site-packages/catchrobo_pc-0.1.0-py3.10.egg-info\n'}
[1.066588] (catchrobo_pc) StdoutLine: {'line': b'running install_scripts\n'}
[1.088735] (catchrobo_pc) StdoutLine: {'line': b'Installing web_gui_node script to /home/altair/catchrobo2026-pc/install/catchrobo_pc/lib/catchrobo_pc\n'}
[1.089102] (catchrobo_pc) StdoutLine: {'line': b"writing list of installed files to '/home/altair/catchrobo2026-pc/build/catchrobo_pc/install.log'\n"}
[1.102357] (-) TimerEvent: {}
[1.115187] (catchrobo_pc) CommandEnded: {'returncode': 0}
[1.129848] (catchrobo_pc) JobEnded: {'identifier': 'catchrobo_pc', 'rc': 0}
[1.130659] (-) EventReactorShutdown: {}
